
LE-K127-ST@LE-K129-ST-F64W MINGW64 /f/Spring 2017/Git-Repository
$ pwd
/f/Spring 2017/Git-Repository

LE-K127-ST@LE-K129-ST-F64W MINGW64 /f/Spring 2017/Git-Repository
$ mkdir AmandaKing_Amazeriffic

LE-K127-ST@LE-K129-ST-F64W MINGW64 /f/Spring 2017/Git-Repository
$ ls
AmandaKing_Amazeriffic/  Chapter1OnOurOwn/            KinglyAmanda_InClassWalk/
AmandaKing_HelloWorld/   Chapter2InClassWalkthrough/
Chapter1/                KingOfAmanda_OOO/

LE-K127-ST@LE-K129-ST-F64W MINGW64 /f/Spring 2017/Git-Repository
$ cd AmandaKing_Amazeriffic/

LE-K127-ST@LE-K129-ST-F64W MINGW64 /f/Spring 2017/Git-Repository/AmandaKing_Amazeriffic
$ git init
Initialized empty Git repository in F:/Spring 2017/Git-Repository/AmandaKing_Amazeriffic/.git/

LE-K127-ST@LE-K129-ST-F64W MINGW64 /f/Spring 2017/Git-Repository/AmandaKing_Amazeriffic (master)
$ git status\
>
On branch master

Initial commit

Untracked files:
  (use "git add <file>..." to include in what will be committed)

        index.html

nothing added to commit but untracked files present (use "git add" to track)

LE-K127-ST@LE-K129-ST-F64W MINGW64 /f/Spring 2017/Git-Repository/AmandaKing_Amazeriffic (master)
$ git add index.html

LE-K127-ST@LE-K129-ST-F64W MINGW64 /f/Spring 2017/Git-Repository/AmandaKing_Amazeriffic (master)
$ git status
On branch master

Initial commit

Changes to be committed:
  (use "git rm --cached <file>..." to unstage)

        new file:   index.html


LE-K127-ST@LE-K129-ST-F64W MINGW64 /f/Spring 2017/Git-Repository/AmandaKing_Amazeriffic (master)
$ git commit -m "Add default index.html to repository"
[master (root-commit) 40f3047] Add default index.html to repository
 1 file changed, 16 insertions(+)
 create mode 100644 index.html

LE-K127-ST@LE-K129-ST-F64W MINGW64 /f/Spring 2017/Git-Repository/AmandaKing_Amazeriffic (master)
$ git clone https://github.com/BytingBucs2-0/AmandaKing_Amazeriffic
Cloning into 'AmandaKing_Amazeriffic'...
remote: Counting objects: 3, done.
remote: Compressing objects: 100% (2/2), done.
remote: Total 3 (delta 0), reused 0 (delta 0), pack-reused 0
Unpacking objects: 100% (3/3), done.

LE-K127-ST@LE-K129-ST-F64W MINGW64 /f/Spring 2017/Git-Repository/AmandaKing_Amazeriffic (master)
$ git push
fatal: No configured push destination.
Either specify the URL from the command-line or configure a remote repository using

    git remote add <name> <url>

and then push using the remote name

    git push <name>


LE-K127-ST@LE-K129-ST-F64W MINGW64 /f/Spring 2017/Git-Repository/AmandaKing_Amazeriffic (master)
$ git status
On branch master
Changes not staged for commit:
  (use "git add <file>..." to update what will be committed)
  (use "git checkout -- <file>..." to discard changes in working directory)

        modified:   index.html

Untracked files:
  (use "git add <file>..." to include in what will be committed)

        AmandaKing_Amazeriffic/

no changes added to commit (use "git add" and/or "git commit -a")

LE-K127-ST@LE-K129-ST-F64W MINGW64 /f/Spring 2017/Git-Repository/AmandaKing_Amazeriffic (master)
$ cd ..

LE-K127-ST@LE-K129-ST-F64W MINGW64 /f/Spring 2017/Git-Repository
$ git clone https://github.com/BytingBucs2-0/AmandaKing_Amazeriffic
Cloning into 'AmandaKing_Amazeriffic'...
remote: Counting objects: 3, done.
remote: Compressing objects: 100% (2/2), done.
remote: Total 3 (delta 0), reused 0 (delta 0), pack-reused 0
Unpacking objects: 100% (3/3), done.

LE-K127-ST@LE-K129-ST-F64W MINGW64 /f/Spring 2017/Git-Repository
$ git status
fatal: Not a git repository (or any of the parent directories): .git

LE-K127-ST@LE-K129-ST-F64W MINGW64 /f/Spring 2017/Git-Repository
$ AmandaKing_Amazeriffic/
bash: AmandaKing_Amazeriffic/: Is a directory

LE-K127-ST@LE-K129-ST-F64W MINGW64 /f/Spring 2017/Git-Repository
$ cd AmandaKing_Amazeriffic/

LE-K127-ST@LE-K129-ST-F64W MINGW64 /f/Spring 2017/Git-Repository/AmandaKing_Amazeriffic (master)
$ git status
On branch master
Your branch is up-to-date with 'origin/master'.
Untracked files:
  (use "git add <file>..." to include in what will be committed)

        index.html
        lightbulb.png

nothing added to commit but untracked files present (use "git add" to track)

LE-K127-ST@LE-K129-ST-F64W MINGW64 /f/Spring 2017/Git-Repository/AmandaKing_Amazeriffic (master)
$ git add index.html

LE-K127-ST@LE-K129-ST-F64W MINGW64 /f/Spring 2017/Git-Repository/AmandaKing_Amazeriffic (master)
$ git add lightbulb.png

LE-K127-ST@LE-K129-ST-F64W MINGW64 /f/Spring 2017/Git-Repository/AmandaKing_Amazeriffic (master)
$ git commit -m "Create index file and lightbulb png"
[master 01c61e7] Create index file and lightbulb png
 2 files changed, 60 insertions(+)
 create mode 100644 index.html
 create mode 100644 lightbulb.png

LE-K127-ST@LE-K129-ST-F64W MINGW64 /f/Spring 2017/Git-Repository/AmandaKing_Amazeriffic (master)
$ git status
On branch master
Your branch is ahead of 'origin/master' by 1 commit.
  (use "git push" to publish your local commits)
nothing to commit, working tree clean

LE-K127-ST@LE-K129-ST-F64W MINGW64 /f/Spring 2017/Git-Repository/AmandaKing_Amazeriffic (master)
$ git push
Username for 'https://github.com': aking15@bucs.fsw.edu
Counting objects: 4, done.
Delta compression using up to 4 threads.
Compressing objects: 100% (4/4), done.
Writing objects: 100% (4/4), 14.96 KiB | 0 bytes/s, done.
Total 4 (delta 0), reused 0 (delta 0)
To https://github.com/BytingBucs2-0/AmandaKing_Amazeriffic
   96c4eb0..01c61e7  master -> master

LE-K127-ST@LE-K129-ST-F64W MINGW64 /f/Spring 2017/Git-Repository/AmandaKing_Amazeriffic (master)
$
