
LE-K127-ST@LE-K127-ST-F64W MINGW64 /f/Spring 2017/Git-Repository
$ git config --global user.name "Amanda King"

LE-K127-ST@LE-K127-ST-F64W MINGW64 /f/Spring 2017/Git-Repository
$ git config --global user.email "aking15@bucs.fsw.edu"

LE-K127-ST@LE-K127-ST-F64W MINGW64 /f/Spring 2017/Git-Repository
$ cd AmandaKing_Amazeriffic/

LE-K127-ST@LE-K127-ST-F64W MINGW64 /f/Spring 2017/Git-Repository/AmandaKing_Amazeriffic (master)
$ git add reset.css

LE-K127-ST@LE-K127-ST-F64W MINGW64 /f/Spring 2017/Git-Repository/AmandaKing_Amazeriffic (master)
$ git add style.css

LE-K127-ST@LE-K127-ST-F64W MINGW64 /f/Spring 2017/Git-Repository/AmandaKing_Amazeriffic (master)
$ git add index.html

LE-K127-ST@LE-K127-ST-F64W MINGW64 /f/Spring 2017/Git-Repository/AmandaKing_Amazeriffic (master)
$ git status
On branch master
Your branch is up-to-date with 'origin/master'.
Changes to be committed:
  (use "git reset HEAD <file>..." to unstage)

        modified:   index.html
        new file:   reset.css
        new file:   style.css


LE-K127-ST@LE-K127-ST-F64W MINGW64 /f/Spring 2017/Git-Repository/AmandaKing_Amazeriffic (master)
$ git commit -m "Add reset.css and style.css, link in index.html"
[master 4cd95de] Add reset.css and style.css, link in index.html
 3 files changed, 53 insertions(+), 1 deletion(-)
 create mode 100644 reset.css
 create mode 100644 style.css

LE-K127-ST@LE-K127-ST-F64W MINGW64 /f/Spring 2017/Git-Repository/AmandaKing_Amazeriffic (master)
$ git status
On branch master
Your branch is ahead of 'origin/master' by 1 commit.
  (use "git push" to publish your local commits)
Changes not staged for commit:
  (use "git add <file>..." to update what will be committed)
  (use "git checkout -- <file>..." to discard changes in working directory)

        modified:   index.html
        modified:   style.css

no changes added to commit (use "git add" and/or "git commit -a")

LE-K127-ST@LE-K127-ST-F64W MINGW64 /f/Spring 2017/Git-Repository/AmandaKing_Amazeriffic (master)
$ git add index.html

LE-K127-ST@LE-K127-ST-F64W MINGW64 /f/Spring 2017/Git-Repository/AmandaKing_Amazeriffic (master)
$ git add style.css

LE-K127-ST@LE-K127-ST-F64W MINGW64 /f/Spring 2017/Git-Repository/AmandaKing_Amazeriffic (master)
$ git commit -m "Add header styles to styles.css"
[master 6412422] Add header styles to styles.css
 2 files changed, 34 insertions(+), 1 deletion(-)

LE-K127-ST@LE-K127-ST-F64W MINGW64 /f/Spring 2017/Git-Repository/AmandaKing_Amazeriffic (master)
$ git add index.html

LE-K127-ST@LE-K127-ST-F64W MINGW64 /f/Spring 2017/Git-Repository/AmandaKing_Amazeriffic (master)
$ git commit -m "Add div tags to index.html"
[master 12c00ae] Add div tags to index.html
 1 file changed, 2 insertions(+)

LE-K127-ST@LE-K127-ST-F64W MINGW64 /f/Spring 2017/Git-Repository/AmandaKing_Amazeriffic (master)
$ git add index.html

LE-K127-ST@LE-K127-ST-F64W MINGW64 /f/Spring 2017/Git-Repository/AmandaKing_Amazeriffic (master)
$ git add style.css

LE-K127-ST@LE-K127-ST-F64W MINGW64 /f/Spring 2017/Git-Repository/AmandaKing_Amazeriffic (master)
$ git commit -m "Add class container to index"
[master 13cafd9] Add class container to index
 2 files changed, 9 insertions(+), 2 deletions(-)

LE-K127-ST@LE-K127-ST-F64W MINGW64 /f/Spring 2017/Git-Repository/AmandaKing_Amazeriffic (master)
$ git status
On branch master
Your branch is ahead of 'origin/master' by 4 commits.
  (use "git push" to publish your local commits)
Changes not staged for commit:
  (use "git add <file>..." to update what will be committed)
  (use "git checkout -- <file>..." to discard changes in working directory)

        modified:   index.html
        modified:   style.css

no changes added to commit (use "git add" and/or "git commit -a")

LE-K127-ST@LE-K127-ST-F64W MINGW64 /f/Spring 2017/Git-Repository/AmandaKing_Amazeriffic (master)
$ git add index.html

LE-K127-ST@LE-K127-ST-F64W MINGW64 /f/Spring 2017/Git-Repository/AmandaKing_Amazeriffic (master)
$ git add style.css

LE-K127-ST@LE-K127-ST-F64W MINGW64 /f/Spring 2017/Git-Repository/AmandaKing_Amazeriffic (master)
$ git commit -m "Attempt to put the lightbulb to the right"
[master e7c9077] Attempt to put the lightbulb to the right
 2 files changed, 1 insertion(+), 2 deletions(-)

LE-K127-ST@LE-K127-ST-F64W MINGW64 /f/Spring 2017/Git-Repository/AmandaKing_Amazeriffic (master)
$ git pull
Already up-to-date.

LE-K127-ST@LE-K127-ST-F64W MINGW64 /f/Spring 2017/Git-Repository/AmandaKing_Amazeriffic (master)
$ git push
Username for 'https://github.com': aking15@bucs.fsw.edu
remote: Invalid username or password.
fatal: Authentication failed for 'https://github.com/BytingBucs2-0/AmandaKing_Amazeriffic/'

LE-K127-ST@LE-K127-ST-F64W MINGW64 /f/Spring 2017/Git-Repository/AmandaKing_Amazeriffic (master)
$ git push
Username for 'https://github.com': aking15@bucs.fsw.edu
Counting objects: 20, done.
Delta compression using up to 4 threads.
Compressing objects: 100% (19/19), done.
Writing objects: 100% (20/20), 2.46 KiB | 0 bytes/s, done.
Total 20 (delta 12), reused 0 (delta 0)
remote: Resolving deltas: 100% (12/12), completed with 2 local objects.
To https://github.com/BytingBucs2-0/AmandaKing_Amazeriffic
   22df530..e7c9077  master -> master

LE-K127-ST@LE-K127-ST-F64W MINGW64 /f/Spring 2017/Git-Repository/AmandaKing_Amazeriffic (master)
$



circulation@LE-J220-FA-037H MINGW64 /d/Spring 2017/Git-Repository
$ git config --global user.name "Amanda King"

circulation@LE-J220-FA-037H MINGW64 /d/Spring 2017/Git-Repository
$ git config --global user.email "aking15@bucs.fsw.edu"

circulation@LE-J220-FA-037H MINGW64 /d/Spring 2017/Git-Repository
$ cd AmandaKing_Amazeriffic/

circulation@LE-J220-FA-037H MINGW64 /d/Spring 2017/Git-Repository/AmandaKing_Amazeriffic (master)
$ status
bash: status: command not found

circulation@LE-J220-FA-037H MINGW64 /d/Spring 2017/Git-Repository/AmandaKing_Amazeriffic (master)
$ git status
On branch master
Your branch is up-to-date with 'origin/master'.
Changes not staged for commit:
  (use "git add <file>..." to update what will be committed)
  (use "git checkout -- <file>..." to discard changes in working directory)

        modified:   style.css

no changes added to commit (use "git add" and/or "git commit -a")

circulation@LE-J220-FA-037H MINGW64 /d/Spring 2017/Git-Repository/AmandaKing_Amazeriffic (master)
$ git add style.css

circulation@LE-J220-FA-037H MINGW64 /d/Spring 2017/Git-Repository/AmandaKing_Amazeriffic (master)
$ git add index.html

circulation@LE-J220-FA-037H MINGW64 /d/Spring 2017/Git-Repository/AmandaKing_Amazeriffic (master)
$ git commit -m "Edit style sheet to look like page 91 of textbook"
[master 14f7dcf] Edit style sheet to look like page 91 of textbook
 1 file changed, 11 insertions(+), 2 deletions(-)

circulation@LE-J220-FA-037H MINGW64 /d/Spring 2017/Git-Repository/AmandaKing_Amazeriffic (master)
$ git push
Username for 'https://github.com': aking15@bucs.fsw.edu
Counting objects: 3, done.
Delta compression using up to 4 threads.
Compressing objects: 100% (3/3), done.
Writing objects: 100% (3/3), 398 bytes | 0 bytes/s, done.
Total 3 (delta 2), reused 0 (delta 0)
remote: Resolving deltas: 100% (2/2), completed with 2 local objects.
To https://github.com/BytingBucs2-0/AmandaKing_Amazeriffic
   738895d..14f7dcf  master -> master

circulation@LE-J220-FA-037H MINGW64 /d/Spring 2017/Git-Repository/AmandaKing_Amazeriffic (master)
$
